
Running 39 tests using 1 worker

  Γ£ô   1 [chromium] ΓÇ║ e2e\golden-master.spec.ts:122:7 ΓÇ║ Golden Master Visual Tests ΓÇ║ Port 0 - Observer (Lidless Legion) ΓÇ║ loads without console errors (707ms)
  Γ£ô   2 [chromium] ΓÇ║ e2e\golden-master.spec.ts:143:7 ΓÇ║ Golden Master Visual Tests ΓÇ║ Port 0 - Observer (Lidless Legion) ΓÇ║ renders expected elements (1.8s)
  Γ£ô   3 [chromium] ΓÇ║ e2e\golden-master.spec.ts:161:7 ΓÇ║ Golden Master Visual Tests ΓÇ║ Port 0 - Observer (Lidless Legion) ΓÇ║ visual snapshot (2.3s)
  -   4 [chromium] ΓÇ║ e2e\golden-master.spec.ts:188:9 ΓÇ║ Golden Master Visual Tests ΓÇ║ Port 0 - Observer (Lidless Legion) ΓÇ║ validates against golden landmarks (open-palm-side.mp4)
  Γ£ô   5 [chromium] ΓÇ║ e2e\golden-master.spec.ts:122:7 ΓÇ║ Golden Master Visual Tests ΓÇ║ Port 1 - Bridger (Web Weaver) ΓÇ║ loads without console errors (627ms)
  Γ£ô   6 [chromium] ΓÇ║ e2e\golden-master.spec.ts:143:7 ΓÇ║ Golden Master Visual Tests ΓÇ║ Port 1 - Bridger (Web Weaver) ΓÇ║ renders expected elements (1.7s)
  Γ£ô   7 [chromium] ΓÇ║ e2e\golden-master.spec.ts:161:7 ΓÇ║ Golden Master Visual Tests ΓÇ║ Port 1 - Bridger (Web Weaver) ΓÇ║ visual snapshot (2.2s)
  Γ£ô   8 [chromium] ΓÇ║ e2e\golden-master.spec.ts:122:7 ΓÇ║ Golden Master Visual Tests ΓÇ║ Port 2 - Shaper (Mirror Magus) ΓÇ║ loads without console errors (655ms)
  Γ£ô   9 [chromium] ΓÇ║ e2e\golden-master.spec.ts:143:7 ΓÇ║ Golden Master Visual Tests ΓÇ║ Port 2 - Shaper (Mirror Magus) ΓÇ║ renders expected elements (1.7s)
  Γ£ô  10 [chromium] ΓÇ║ e2e\golden-master.spec.ts:161:7 ΓÇ║ Golden Master Visual Tests ΓÇ║ Port 2 - Shaper (Mirror Magus) ΓÇ║ visual snapshot (2.3s)
  -  11 [chromium] ΓÇ║ e2e\golden-master.spec.ts:188:9 ΓÇ║ Golden Master Visual Tests ΓÇ║ Port 2 - Shaper (Mirror Magus) ΓÇ║ validates against golden landmarks (open-palm-pointer-up-open-palm.mp4)
  Γ£ô  12 [chromium] ΓÇ║ e2e\golden-master.spec.ts:122:7 ΓÇ║ Golden Master Visual Tests ΓÇ║ Port 3 - Injector (Spore Storm) ΓÇ║ loads without console errors (628ms)
  Γ£ô  13 [chromium] ΓÇ║ e2e\golden-master.spec.ts:143:7 ΓÇ║ Golden Master Visual Tests ΓÇ║ Port 3 - Injector (Spore Storm) ΓÇ║ renders expected elements (1.7s)
  Γ£ô  14 [chromium] ΓÇ║ e2e\golden-master.spec.ts:161:7 ΓÇ║ Golden Master Visual Tests ΓÇ║ Port 3 - Injector (Spore Storm) ΓÇ║ visual snapshot (2.2s)
  Γ£ô  15 [chromium] ΓÇ║ e2e\golden-master.spec.ts:122:7 ΓÇ║ Golden Master Visual Tests ΓÇ║ FSM Showcase (XState) ΓÇ║ loads without console errors (646ms)
  Γ£ô  16 [chromium] ΓÇ║ e2e\golden-master.spec.ts:143:7 ΓÇ║ Golden Master Visual Tests ΓÇ║ FSM Showcase (XState) ΓÇ║ renders expected elements (1.7s)
  Γ£ô  17 [chromium] ΓÇ║ e2e\golden-master.spec.ts:161:7 ΓÇ║ Golden Master Visual Tests ΓÇ║ FSM Showcase (XState) ΓÇ║ visual snapshot (2.3s)
  Γ£ô  18 [chromium] ΓÇ║ e2e\golden-master.spec.ts:122:7 ΓÇ║ Golden Master Visual Tests ΓÇ║ GoldenLayout UI Shell ΓÇ║ loads without console errors (643ms)
  Γ£ô  19 [chromium] ΓÇ║ e2e\golden-master.spec.ts:143:7 ΓÇ║ Golden Master Visual Tests ΓÇ║ GoldenLayout UI Shell ΓÇ║ renders expected elements (1.7s)
  Γ£ô  20 [chromium] ΓÇ║ e2e\golden-master.spec.ts:161:7 ΓÇ║ Golden Master Visual Tests ΓÇ║ GoldenLayout UI Shell ΓÇ║ visual snapshot (2.2s)
  Γ£ô  21 [chromium] ΓÇ║ e2e\golden-master.spec.ts:122:7 ΓÇ║ Golden Master Visual Tests ΓÇ║ Port 5 - PalmConeGate (Pyre Praetorian) ΓÇ║ loads without console errors (653ms)
  Γ£ô  22 [chromium] ΓÇ║ e2e\golden-master.spec.ts:143:7 ΓÇ║ Golden Master Visual Tests ΓÇ║ Port 5 - PalmConeGate (Pyre Praetorian) ΓÇ║ renders expected elements (1.7s)
  Γ£ô  23 [chromium] ΓÇ║ e2e\golden-master.spec.ts:161:7 ΓÇ║ Golden Master Visual Tests ΓÇ║ Port 5 - PalmConeGate (Pyre Praetorian) ΓÇ║ visual snapshot (2.3s)
  -  24 [chromium] ΓÇ║ e2e\golden-master.spec.ts:188:9 ΓÇ║ Golden Master Visual Tests ΓÇ║ Port 5 - PalmConeGate (Pyre Praetorian) ΓÇ║ validates against golden landmarks (open-palm-side.mp4)
  Γ£ô  25 [chromium] ΓÇ║ e2e\golden-master.spec.ts:122:7 ΓÇ║ Golden Master Visual Tests ΓÇ║ W3C Pointer Output ΓÇ║ loads without console errors (633ms)
  Γ£ô  26 [chromium] ΓÇ║ e2e\golden-master.spec.ts:143:7 ΓÇ║ Golden Master Visual Tests ΓÇ║ W3C Pointer Output ΓÇ║ renders expected elements (1.7s)
  Γ£ô  27 [chromium] ΓÇ║ e2e\golden-master.spec.ts:161:7 ΓÇ║ Golden Master Visual Tests ΓÇ║ W3C Pointer Output ΓÇ║ visual snapshot (2.2s)
  Γ£ô  28 [chromium] ΓÇ║ e2e\golden-master.spec.ts:122:7 ΓÇ║ Golden Master Visual Tests ΓÇ║ Rapier Physics ΓÇ║ loads without console errors (634ms)
  Γ£ô  29 [chromium] ΓÇ║ e2e\golden-master.spec.ts:143:7 ΓÇ║ Golden Master Visual Tests ΓÇ║ Rapier Physics ΓÇ║ renders expected elements (1.7s)
  Γ£ô  30 [chromium] ΓÇ║ e2e\golden-master.spec.ts:161:7 ΓÇ║ Golden Master Visual Tests ΓÇ║ Rapier Physics ΓÇ║ visual snapshot (2.2s)
  Γ£ô  31 [chromium] ΓÇ║ e2e\golden-master.spec.ts:122:7 ΓÇ║ Golden Master Visual Tests ΓÇ║ Port 6 - Substrate (Kraken Keeper) ΓÇ║ loads without console errors (645ms)
  Γ£ô  32 [chromium] ΓÇ║ e2e\golden-master.spec.ts:143:7 ΓÇ║ Golden Master Visual Tests ΓÇ║ Port 6 - Substrate (Kraken Keeper) ΓÇ║ renders expected elements (1.7s)
  Γ£ô  33 [chromium] ΓÇ║ e2e\golden-master.spec.ts:161:7 ΓÇ║ Golden Master Visual Tests ΓÇ║ Port 6 - Substrate (Kraken Keeper) ΓÇ║ visual snapshot (2.2s)
  Γ£ô  34 [chromium] ΓÇ║ e2e\golden-master.spec.ts:122:7 ΓÇ║ Golden Master Visual Tests ΓÇ║ Visual Primitives ΓÇ║ loads without console errors (808ms)
  Γ£ô  35 [chromium] ΓÇ║ e2e\golden-master.spec.ts:143:7 ΓÇ║ Golden Master Visual Tests ΓÇ║ Visual Primitives ΓÇ║ renders expected elements (1.8s)
  Γ£ô  36 [chromium] ΓÇ║ e2e\golden-master.spec.ts:161:7 ΓÇ║ Golden Master Visual Tests ΓÇ║ Visual Primitives ΓÇ║ visual snapshot (2.4s)
  Γ£ô  37 [chromium] ΓÇ║ e2e\golden-master.spec.ts:238:3 ΓÇ║ Showcase Launcher (GoldenLayout Shell) ΓÇ║ launcher page loads with GoldenLayoutShellAdapter tiles (2.8s)
  Γ£ô  38 [chromium] ΓÇ║ e2e\golden-master.spec.ts:253:3 ΓÇ║ Showcase Launcher (GoldenLayout Shell) ΓÇ║ showcase panels render content (2.8s)
  -  39 [chromium] ΓÇ║ e2e\golden-master.spec.ts:270:8 ΓÇ║ Generate Golden Masters ΓÇ║ generate all golden screenshots

  4 skipped
  35 passed (58.1s)
